EN decobinto7s NULL "C:/Users/Alfredo/Documents/Diseno Logico y Digital/sumador/decoBinto7s.vhd" sub00/vhpl02 1411578368
EN sum4x4 NULL "C:/Users/Alfredo/Documents/Diseno Logico y Digital/sumador/sum4x4.vhd" sub00/vhpl00 1410974673
AR decobinto7s behavioral "C:/Users/Alfredo/Documents/Diseno Logico y Digital/sumador/decoBinto7s.vhd" sub00/vhpl03 1411578369
AR sum4x4 behavioral "C:/Users/Alfredo/Documents/Diseno Logico y Digital/sumador/sum4x4.vhd" sub00/vhpl01 1410974674
