V3 3
FL "C:/Users/Alfredo/Documents/Diseno Logico y Digital/FlipFlopJK/FFJK.vhd" 2014/10/22.11:35:10 P.68d
EN work/FFJK 1413996218 \
      FL "C:/Users/Alfredo/Documents/Diseno Logico y Digital/FlipFlopJK/FFJK.vhd" \
      PB ieee/std_logic_1164 1370735607
AR work/FFJK/Behavioral 1413996219 \
      FL "C:/Users/Alfredo/Documents/Diseno Logico y Digital/FlipFlopJK/FFJK.vhd" \
      EN work/FFJK 1413996218
