V3 3
FL "C:/Users/Alfredo/Documents/Diseno Logico y Digital/flipflop/FFD.vhd" 2014/10/15.12:17:06 P.68d
EN work/FFD 1413395324 \
      FL "C:/Users/Alfredo/Documents/Diseno Logico y Digital/flipflop/FFD.vhd" \
      PB ieee/std_logic_1164 1370735607
AR work/FFD/Behavioral 1413395325 \
      FL "C:/Users/Alfredo/Documents/Diseno Logico y Digital/flipflop/FFD.vhd" \
      EN work/FFD 1413395324
