V3 3
FL "C:/Users/Alfredo/Documents/Diseno Logico y Digital/FlipFlopT/FFT.vhd" 2014/10/22.12:23:37 P.68d
EN work/FFT 1413999833 \
      FL "C:/Users/Alfredo/Documents/Diseno Logico y Digital/FlipFlopT/FFT.vhd" \
      PB ieee/std_logic_1164 1370735607
AR work/FFT/Behavioral 1413999834 \
      FL "C:/Users/Alfredo/Documents/Diseno Logico y Digital/FlipFlopT/FFT.vhd" \
      EN work/FFT 1413999833
